Archive member included because of file (symbol)

d:/program_files/microchip/mplab c32 suite/bin/../lib/gcc/pic32mx/4.5.1/../../../../pic32mx/lib\libc.a(general-exception.o)
                              d:/program_files/microchip/mplab c32 suite/bin/../lib/gcc/pic32mx/4.5.1/../../../../pic32mx/lib/crt0.o (_general_exception_context)
d:/program_files/microchip/mplab c32 suite/bin/../lib/gcc/pic32mx/4.5.1/../../../../pic32mx/lib\libc.a(default-general-exception-handler.o)
                              d:/program_files/microchip/mplab c32 suite/bin/../lib/gcc/pic32mx/4.5.1/../../../../pic32mx/lib\libc.a(general-exception.o) (_general_exception_handler)
d:/program_files/microchip/mplab c32 suite/bin/../lib/gcc/pic32mx/4.5.1/../../../../pic32mx/lib\libc.a(default-bootstrap-exception-handler.o)
                              d:/program_files/microchip/mplab c32 suite/bin/../lib/gcc/pic32mx/4.5.1/../../../../pic32mx/lib/crt0.o (_bootstrap_exception_handler)
d:/program_files/microchip/mplab c32 suite/bin/../lib/gcc/pic32mx/4.5.1/../../../../pic32mx/lib\libc.a(default-on-reset.o)
                              d:/program_files/microchip/mplab c32 suite/bin/../lib/gcc/pic32mx/4.5.1/../../../../pic32mx/lib/crt0.o (_on_reset)
d:/program_files/microchip/mplab c32 suite/bin/../lib/gcc/pic32mx/4.5.1/../../../../pic32mx/lib\libc.a(default-on-bootstrap.o)
                              d:/program_files/microchip/mplab c32 suite/bin/../lib/gcc/pic32mx/4.5.1/../../../../pic32mx/lib/crt0.o (_on_bootstrap)
d:/program_files/microchip/mplab c32 suite/bin/../lib/gcc/pic32mx/4.5.1/../../../../pic32mx/lib\libc.a(default-nmi-handler.o)
                              d:/program_files/microchip/mplab c32 suite/bin/../lib/gcc/pic32mx/4.5.1/../../../../pic32mx/lib/crt0.o (_nmi_handler)
d:/program_files/microchip/mplab c32 suite/bin/../lib/gcc/pic32mx/4.5.1/../../../../pic32mx/lib\libmchp_peripheral_32MX460F512L.a(int_enable_interrupts_lib.o)
                              main.o (INTEnableInterrupts)
d:/program_files/microchip/mplab c32 suite/bin/../lib/gcc/pic32mx/4.5.1/../../../../pic32mx/lib\libmchp_peripheral_32MX460F512L.a(int_disable_interrupts_lib.o)
                              main.o (INTDisableInterrupts)
d:/program_files/microchip/mplab c32 suite/bin/../lib/gcc/pic32mx/4.5.1/../../../../pic32mx/lib\libmchp_peripheral_32MX460F512L.a(int_enable_mv_int_lib.o)
                              main.o (INTEnableSystemMultiVectoredInt)

Allocating common symbols
Common symbol       size              file

dirMtrLeft          0x1               main.o
tusMtrRightFb       0x2               main.o
fMtrRight           0x4               main.o
tusMtrLeftFb        0x2               main.o
dtcMtrLeft          0x2               main.o
fMtrRightFb         0x4               main.o
dirMtrRight         0x1               main.o
btnBtn1             0x4               main.o
dtcMtrRight         0x2               main.o
btnBtn2             0x4               main.o
fMtrLeftFb          0x4               main.o
fMtrLeft            0x4               main.o

Microchip PIC32 Memory-Usage Report

kseg0 Program-Memory Usage
section                    address  length [bytes]      (dec)  Description
-------                 ----------  -------------------------  -----------
.text                   0x9d000008          0xdf4        3572  App's exec code 
.text.general_exception 0x9d000dfc           0xd0         208   
.text.INTEnableSystemMu 0x9d000ecc           0x34          52   
.dinit                  0x9d000f00           0x2c          44   
.rodata                 0x9d000f2c           0x20          32  Read-only const 
.text                   0x9d000f4c           0x28          40  App's exec code 
.text._general_exceptio 0x9d000f74            0xc          12   
.text._bootstrap_except 0x9d000f80            0xc          12   
.text._on_reset         0x9d000f8c            0x8           8   
.text._on_bootstrap     0x9d000f94            0x8           8   
.text.INTEnableInterrup 0x9d000f9c            0x8           8   
.text.INTDisableInterru 0x9d000fa4            0x8           8   
      Total kseg0_program_mem used  :       0xfa4        4004  0.8% of 0x80000

kseg0 Boot-Memory Usage
section                    address  length [bytes]      (dec)  Description
-------                 ----------  -------------------------  -----------
         Total kseg0_boot_mem used  :           0           0  <1% of 0x970

Exception-Memory Usage 
section                    address  length [bytes]      (dec)  Description
-------                 ----------  -------------------------  -----------
.app_excpt              0x9fc01180           0x10          16  General-Exception 
.vector_4               0x9fc01280            0x8           8  Interrupt Vector 4 
.vector_16              0x9fc01400            0x8           8  Interrupt Vector 16 
.vector_20              0x9fc01480           0x10          16  Interrupt Vector 20 
          Total exception_mem used  :        0x30          48  1.2% of 0x1000

kseg1 Boot-Memory Usage
section                    address  length [bytes]      (dec)  Description
-------                 ----------  -------------------------  -----------
.reset                  0xbfc00000          0x1f4         500  Reset handler 
.bev_excpt              0xbfc00380           0x10          16  BEV-Exception 
         Total kseg1_boot_mem used  :       0x204         516  44.2% of 0x490
        --------------------------------------------------------------------------
         Total Program Memory used  :      0x11d8        4568  0.9% of 0x81e00
        --------------------------------------------------------------------------


kseg1 Data-Memory Usage
section                    address  length [bytes]      (dec)  Description
-------                 ----------  -------------------------  -----------
.sdata                  0xa0000000            0x1           1  Small init data 
.sbss                   0xa0000004           0x34          52  Small uninit data 
         Total kseg1_data_mem used  :        0x35          53  0.2% of 0x8000
        --------------------------------------------------------------------------
            Total Data Memory used  :        0x35          53  0.2% of 0x8000
        --------------------------------------------------------------------------


Dynamic Data-Memory Reservation
section                    address  length [bytes]      (dec)  Description
-------                 ----------  -------------------------  -----------
heap                    0xa0000040              0           0  Reserved for heap 
stack                   0xa0000058         0x7fa0       32672  Reserved for stack 

        --------------------------------------------------------------------------

Discarded input sections

 .reginfo       0x00000000       0x18 d:/program_files/microchip/mplab c32 suite/bin/../lib/gcc/pic32mx/4.5.1/../../../../pic32mx/lib/crt0.o
 .pdr           0x00000000       0xa0 d:/program_files/microchip/mplab c32 suite/bin/../lib/gcc/pic32mx/4.5.1/../../../../pic32mx/lib/crt0.o
 .reginfo       0x00000000       0x18 main.o
 .pdr           0x00000000       0xc0 main.o
 .reginfo       0x00000000       0x18 MtrCtrl.o
 .pdr           0x00000000       0xe0 MtrCtrl.o
 .reginfo       0x00000000       0x18 d:/program_files/microchip/mplab c32 suite/bin/../lib/gcc/pic32mx/4.5.1/../../../../pic32mx/lib\libc.a(general-exception.o)
 .pdr           0x00000000       0x20 d:/program_files/microchip/mplab c32 suite/bin/../lib/gcc/pic32mx/4.5.1/../../../../pic32mx/lib\libc.a(general-exception.o)
 .reginfo       0x00000000       0x18 d:/program_files/microchip/mplab c32 suite/bin/../lib/gcc/pic32mx/4.5.1/../../../../pic32mx/lib\libc.a(default-general-exception-handler.o)
 .pdr           0x00000000       0x20 d:/program_files/microchip/mplab c32 suite/bin/../lib/gcc/pic32mx/4.5.1/../../../../pic32mx/lib\libc.a(default-general-exception-handler.o)
 .reginfo       0x00000000       0x18 d:/program_files/microchip/mplab c32 suite/bin/../lib/gcc/pic32mx/4.5.1/../../../../pic32mx/lib\libc.a(default-bootstrap-exception-handler.o)
 .pdr           0x00000000       0x20 d:/program_files/microchip/mplab c32 suite/bin/../lib/gcc/pic32mx/4.5.1/../../../../pic32mx/lib\libc.a(default-bootstrap-exception-handler.o)
 .reginfo       0x00000000       0x18 d:/program_files/microchip/mplab c32 suite/bin/../lib/gcc/pic32mx/4.5.1/../../../../pic32mx/lib\libc.a(default-on-reset.o)
 .pdr           0x00000000       0x20 d:/program_files/microchip/mplab c32 suite/bin/../lib/gcc/pic32mx/4.5.1/../../../../pic32mx/lib\libc.a(default-on-reset.o)
 .reginfo       0x00000000       0x18 d:/program_files/microchip/mplab c32 suite/bin/../lib/gcc/pic32mx/4.5.1/../../../../pic32mx/lib\libc.a(default-on-bootstrap.o)
 .pdr           0x00000000       0x20 d:/program_files/microchip/mplab c32 suite/bin/../lib/gcc/pic32mx/4.5.1/../../../../pic32mx/lib\libc.a(default-on-bootstrap.o)
 .reginfo       0x00000000       0x18 d:/program_files/microchip/mplab c32 suite/bin/../lib/gcc/pic32mx/4.5.1/../../../../pic32mx/lib\libc.a(default-nmi-handler.o)
 .pdr           0x00000000       0x20 d:/program_files/microchip/mplab c32 suite/bin/../lib/gcc/pic32mx/4.5.1/../../../../pic32mx/lib\libc.a(default-nmi-handler.o)
 .reginfo       0x00000000       0x18 d:/program_files/microchip/mplab c32 suite/bin/../lib/gcc/pic32mx/4.5.1/../../../../pic32mx/lib\libmchp_peripheral_32MX460F512L.a(int_enable_interrupts_lib.o)
 .pdr           0x00000000       0x20 d:/program_files/microchip/mplab c32 suite/bin/../lib/gcc/pic32mx/4.5.1/../../../../pic32mx/lib\libmchp_peripheral_32MX460F512L.a(int_enable_interrupts_lib.o)
 .reginfo       0x00000000       0x18 d:/program_files/microchip/mplab c32 suite/bin/../lib/gcc/pic32mx/4.5.1/../../../../pic32mx/lib\libmchp_peripheral_32MX460F512L.a(int_disable_interrupts_lib.o)
 .pdr           0x00000000       0x20 d:/program_files/microchip/mplab c32 suite/bin/../lib/gcc/pic32mx/4.5.1/../../../../pic32mx/lib\libmchp_peripheral_32MX460F512L.a(int_disable_interrupts_lib.o)
 .reginfo       0x00000000       0x18 d:/program_files/microchip/mplab c32 suite/bin/../lib/gcc/pic32mx/4.5.1/../../../../pic32mx/lib\libmchp_peripheral_32MX460F512L.a(int_enable_mv_int_lib.o)
 .pdr           0x00000000       0x20 d:/program_files/microchip/mplab c32 suite/bin/../lib/gcc/pic32mx/4.5.1/../../../../pic32mx/lib\libmchp_peripheral_32MX460F512L.a(int_enable_mv_int_lib.o)
 .reginfo       0x00000000       0x18 d:/program_files/microchip/mplab c32 suite/bin/../lib/gcc/pic32mx/4.5.1/../../../../pic32mx/lib/./proc/32MX460F512L\processor.o
 .pdr           0x00000000        0x0 d:/program_files/microchip/mplab c32 suite/bin/../lib/gcc/pic32mx/4.5.1/../../../../pic32mx/lib/./proc/32MX460F512L\processor.o

Memory Configuration

Name             Origin             Length             Attributes
kseg0_program_mem 0x9d000000         0x00080000         xr
kseg0_boot_mem   0x9fc00490         0x00000970
exception_mem    0x9fc01000         0x00001000
kseg1_boot_mem   0xbfc00000         0x00000490
debug_exec_mem   0xbfc02000         0x00000ff0
config3          0xbfc02ff0         0x00000004
config2          0xbfc02ff4         0x00000004
config1          0xbfc02ff8         0x00000004
config0          0xbfc02ffc         0x00000004
kseg1_data_mem   0xa0000000         0x00008000         w !x
sfrs             0xbf800000         0x00100000
configsfrs       0xbfc02ff0         0x00000010
*default*        0x00000000         0xffffffff

Linker script and memory map

LOAD d:/program_files/microchip/mplab c32 suite/bin/../lib/gcc/pic32mx/4.5.1/../../../../pic32mx/lib/crt0.o
LOAD main.o
LOAD MtrCtrl.o
                0x00000001                __MPLAB_BUILD = 0x1
                0x00000001                __MPLAB_DEBUG = 0x1
                0x00000001                __MPLAB_DEBUGGER_PIC32MXSK = 0x1
LOAD d:/program_files/microchip/mplab c32 suite/bin/../lib/gcc/pic32mx/4.5.1\libgcc.a
START GROUP
LOAD d:/program_files/microchip/mplab c32 suite/bin/../lib/gcc/pic32mx/4.5.1/../../../../pic32mx/lib\libdebug.a
LOAD d:/program_files/microchip/mplab c32 suite/bin/../lib/gcc/pic32mx/4.5.1/../../../../pic32mx/lib\libc.a
LOAD d:/program_files/microchip/mplab c32 suite/bin/../lib/gcc/pic32mx/4.5.1/../../../../pic32mx/lib\libm.a
LOAD d:/program_files/microchip/mplab c32 suite/bin/../lib/gcc/pic32mx/4.5.1/../../../../pic32mx/lib\libe.a
LOAD d:/program_files/microchip/mplab c32 suite/bin/../lib/gcc/pic32mx/4.5.1/../../../../pic32mx/lib\libdsp.a
LOAD d:/program_files/microchip/mplab c32 suite/bin/../lib/gcc/pic32mx/4.5.1/../../../../pic32mx/lib\libmchp_peripheral.a
LOAD d:/program_files/microchip/mplab c32 suite/bin/../lib/gcc/pic32mx/4.5.1/../../../../pic32mx/lib\libmchp_peripheral_32MX460F512L.a
END GROUP
LOAD d:/program_files/microchip/mplab c32 suite/bin/../lib/gcc/pic32mx/4.5.1\libgcc.a
                0x00000400                PROVIDE (_min_stack_size, 0x400)
                0x00000000                PROVIDE (_min_heap_size, 0x0)
LOAD d:/program_files/microchip/mplab c32 suite/bin/../lib/gcc/pic32mx/4.5.1/../../../../pic32mx/lib/./proc/32MX460F512L\processor.o
                0x00000001                PROVIDE (_vector_spacing, 0x1)
                0x9fc01000                _ebase_address = 0x9fc01000
                0xbfc00000                _RESET_ADDR = 0xbfc00000
                0xbfc00380                _BEV_EXCPT_ADDR = 0xbfc00380
                0xbfc00480                _DBG_EXCPT_ADDR = 0xbfc00480
                0xbfc02000                _DBG_CODE_ADDR = 0xbfc02000
                0x00000ff0                _DBG_CODE_SIZE = 0xff0
                0x9fc01180                _GEN_EXCPT_ADDR = (_ebase_address + 0x180)

.config_BFC02FF0
 *(.config_BFC02FF0)

.config_BFC02FF4
                0xbfc02ff4        0x4
 *(.config_BFC02FF4)
 .config_BFC02FF4
                0xbfc02ff4        0x4 main.o

.config_BFC02FF8
                0xbfc02ff8        0x4
 *(.config_BFC02FF8)
 .config_BFC02FF8
                0xbfc02ff8        0x4 main.o

.config_BFC02FFC
                0xbfc02ffc        0x4
 *(.config_BFC02FFC)
 .config_BFC02FFC
                0xbfc02ffc        0x4 main.o
                0xbfc02000                PROVIDE (_DBG_CODE_ADDR, 0xbfc02000)
                0x00000ff0                PROVIDE (_DBG_CODE_SIZE, 0xff0)

.reset          0xbfc00000      0x1f4
 *(.reset)
 .reset         0xbfc00000       0x10 d:/program_files/microchip/mplab c32 suite/bin/../lib/gcc/pic32mx/4.5.1/../../../../pic32mx/lib/crt0.o
                0xbfc00000                _reset
 *(.reset.startup)
 .reset.startup
                0xbfc00010      0x1e4 d:/program_files/microchip/mplab c32 suite/bin/../lib/gcc/pic32mx/4.5.1/../../../../pic32mx/lib/crt0.o

.bev_excpt      0xbfc00380       0x10
 *(.bev_handler)
 .bev_handler   0xbfc00380       0x10 d:/program_files/microchip/mplab c32 suite/bin/../lib/gcc/pic32mx/4.5.1/../../../../pic32mx/lib/crt0.o

.dbg_excpt      0xbfc00480        0x0
                0xbfc00480                . = (. + DEFINED (_DEBUGGER)?0x8:0x0)

.dbg_code       0xbfc02000        0x0
                0xbfc02000                . = (. + DEFINED (_DEBUGGER)?_DBG_CODE_SIZE:0x0)

.app_excpt      0x9fc01180       0x10
 *(.gen_handler)
 .gen_handler   0x9fc01180       0x10 d:/program_files/microchip/mplab c32 suite/bin/../lib/gcc/pic32mx/4.5.1/../../../../pic32mx/lib/crt0.o

.vector_0       0x9fc01200        0x0
 *(.vector_0)
                0x00000001                ASSERT (((_vector_spacing == 0x0) || (SIZEOF (.vector_0) <= (_vector_spacing << 0x5))), function at exception vector 0 too large)

.vector_1       0x9fc01220        0x0
 *(.vector_1)
                0x00000001                ASSERT (((_vector_spacing == 0x0) || (SIZEOF (.vector_1) <= (_vector_spacing << 0x5))), function at exception vector 1 too large)

.vector_2       0x9fc01240        0x0
 *(.vector_2)
                0x00000001                ASSERT (((_vector_spacing == 0x0) || (SIZEOF (.vector_2) <= (_vector_spacing << 0x5))), function at exception vector 2 too large)

.vector_3       0x9fc01260        0x0
 *(.vector_3)
                0x00000001                ASSERT (((_vector_spacing == 0x0) || (SIZEOF (.vector_3) <= (_vector_spacing << 0x5))), function at exception vector 3 too large)

.vector_4       0x9fc01280        0x8
 *(.vector_4)
 .vector_4      0x9fc01280        0x8 MtrCtrl.o
                0x00000001                ASSERT (((_vector_spacing == 0x0) || (SIZEOF (.vector_4) <= (_vector_spacing << 0x5))), function at exception vector 4 too large)

.vector_5       0x9fc012a0        0x0
 *(.vector_5)
                0x00000001                ASSERT (((_vector_spacing == 0x0) || (SIZEOF (.vector_5) <= (_vector_spacing << 0x5))), function at exception vector 5 too large)

.vector_6       0x9fc012c0        0x0
 *(.vector_6)
                0x00000001                ASSERT (((_vector_spacing == 0x0) || (SIZEOF (.vector_6) <= (_vector_spacing << 0x5))), function at exception vector 6 too large)

.vector_7       0x9fc012e0        0x0
 *(.vector_7)
                0x00000001                ASSERT (((_vector_spacing == 0x0) || (SIZEOF (.vector_7) <= (_vector_spacing << 0x5))), function at exception vector 7 too large)

.vector_8       0x9fc01300        0x0
 *(.vector_8)
                0x00000001                ASSERT (((_vector_spacing == 0x0) || (SIZEOF (.vector_8) <= (_vector_spacing << 0x5))), function at exception vector 8 too large)

.vector_9       0x9fc01320        0x0
 *(.vector_9)
                0x00000001                ASSERT (((_vector_spacing == 0x0) || (SIZEOF (.vector_9) <= (_vector_spacing << 0x5))), function at exception vector 9 too large)

.vector_10      0x9fc01340        0x0
 *(.vector_10)
                0x00000001                ASSERT (((_vector_spacing == 0x0) || (SIZEOF (.vector_10) <= (_vector_spacing << 0x5))), function at exception vector 10 too large)

.vector_11      0x9fc01360        0x0
 *(.vector_11)
                0x00000001                ASSERT (((_vector_spacing == 0x0) || (SIZEOF (.vector_11) <= (_vector_spacing << 0x5))), function at exception vector 11 too large)

.vector_12      0x9fc01380        0x0
 *(.vector_12)
                0x00000001                ASSERT (((_vector_spacing == 0x0) || (SIZEOF (.vector_12) <= (_vector_spacing << 0x5))), function at exception vector 12 too large)

.vector_13      0x9fc013a0        0x0
 *(.vector_13)
                0x00000001                ASSERT (((_vector_spacing == 0x0) || (SIZEOF (.vector_13) <= (_vector_spacing << 0x5))), function at exception vector 13 too large)

.vector_14      0x9fc013c0        0x0
 *(.vector_14)
                0x00000001                ASSERT (((_vector_spacing == 0x0) || (SIZEOF (.vector_14) <= (_vector_spacing << 0x5))), function at exception vector 14 too large)

.vector_15      0x9fc013e0        0x0
 *(.vector_15)
                0x00000001                ASSERT (((_vector_spacing == 0x0) || (SIZEOF (.vector_15) <= (_vector_spacing << 0x5))), function at exception vector 15 too large)

.vector_16      0x9fc01400        0x8
 *(.vector_16)
 .vector_16     0x9fc01400        0x8 MtrCtrl.o
                0x00000001                ASSERT (((_vector_spacing == 0x0) || (SIZEOF (.vector_16) <= (_vector_spacing << 0x5))), function at exception vector 16 too large)

.vector_17      0x9fc01420        0x0
 *(.vector_17)
                0x00000001                ASSERT (((_vector_spacing == 0x0) || (SIZEOF (.vector_17) <= (_vector_spacing << 0x5))), function at exception vector 17 too large)

.vector_18      0x9fc01440        0x0
 *(.vector_18)
                0x00000001                ASSERT (((_vector_spacing == 0x0) || (SIZEOF (.vector_18) <= (_vector_spacing << 0x5))), function at exception vector 18 too large)

.vector_19      0x9fc01460        0x0
 *(.vector_19)
                0x00000001                ASSERT (((_vector_spacing == 0x0) || (SIZEOF (.vector_19) <= (_vector_spacing << 0x5))), function at exception vector 19 too large)

.vector_20      0x9fc01480       0x10
 *(.vector_20)
 .vector_20     0x9fc01480        0x8 main.o
 .vector_20     0x9fc01488        0x8 MtrCtrl.o
                0x00000001                ASSERT (((_vector_spacing == 0x0) || (SIZEOF (.vector_20) <= (_vector_spacing << 0x5))), function at exception vector 20 too large)

.vector_21      0x9fc014a0        0x0
 *(.vector_21)
                0x00000001                ASSERT (((_vector_spacing == 0x0) || (SIZEOF (.vector_21) <= (_vector_spacing << 0x5))), function at exception vector 21 too large)

.vector_22      0x9fc014c0        0x0
 *(.vector_22)
                0x00000001                ASSERT (((_vector_spacing == 0x0) || (SIZEOF (.vector_22) <= (_vector_spacing << 0x5))), function at exception vector 22 too large)

.vector_23      0x9fc014e0        0x0
 *(.vector_23)
                0x00000001                ASSERT (((_vector_spacing == 0x0) || (SIZEOF (.vector_23) <= (_vector_spacing << 0x5))), function at exception vector 23 too large)

.vector_24      0x9fc01500        0x0
 *(.vector_24)
                0x00000001                ASSERT (((_vector_spacing == 0x0) || (SIZEOF (.vector_24) <= (_vector_spacing << 0x5))), function at exception vector 24 too large)

.vector_25      0x9fc01520        0x0
 *(.vector_25)
                0x00000001                ASSERT (((_vector_spacing == 0x0) || (SIZEOF (.vector_25) <= (_vector_spacing << 0x5))), function at exception vector 25 too large)

.vector_26      0x9fc01540        0x0
 *(.vector_26)
                0x00000001                ASSERT (((_vector_spacing == 0x0) || (SIZEOF (.vector_26) <= (_vector_spacing << 0x5))), function at exception vector 26 too large)

.vector_27      0x9fc01560        0x0
 *(.vector_27)
                0x00000001                ASSERT (((_vector_spacing == 0x0) || (SIZEOF (.vector_27) <= (_vector_spacing << 0x5))), function at exception vector 27 too large)

.vector_28      0x9fc01580        0x0
 *(.vector_28)
                0x00000001                ASSERT (((_vector_spacing == 0x0) || (SIZEOF (.vector_28) <= (_vector_spacing << 0x5))), function at exception vector 28 too large)

.vector_29      0x9fc015a0        0x0
 *(.vector_29)
                0x00000001                ASSERT (((_vector_spacing == 0x0) || (SIZEOF (.vector_29) <= (_vector_spacing << 0x5))), function at exception vector 29 too large)

.vector_30      0x9fc015c0        0x0
 *(.vector_30)
                0x00000001                ASSERT (((_vector_spacing == 0x0) || (SIZEOF (.vector_30) <= (_vector_spacing << 0x5))), function at exception vector 30 too large)

.vector_31      0x9fc015e0        0x0
 *(.vector_31)
                0x00000001                ASSERT (((_vector_spacing == 0x0) || (SIZEOF (.vector_31) <= (_vector_spacing << 0x5))), function at exception vector 31 too large)

.vector_32      0x9fc01600        0x0
 *(.vector_32)
                0x00000001                ASSERT (((_vector_spacing == 0x0) || (SIZEOF (.vector_32) <= (_vector_spacing << 0x5))), function at exception vector 32 too large)

.vector_33      0x9fc01620        0x0
 *(.vector_33)
                0x00000001                ASSERT (((_vector_spacing == 0x0) || (SIZEOF (.vector_33) <= (_vector_spacing << 0x5))), function at exception vector 33 too large)

.vector_34      0x9fc01640        0x0
 *(.vector_34)
                0x00000001                ASSERT (((_vector_spacing == 0x0) || (SIZEOF (.vector_34) <= (_vector_spacing << 0x5))), function at exception vector 34 too large)

.vector_35      0x9fc01660        0x0
 *(.vector_35)
                0x00000001                ASSERT (((_vector_spacing == 0x0) || (SIZEOF (.vector_35) <= (_vector_spacing << 0x5))), function at exception vector 35 too large)

.vector_36      0x9fc01680        0x0
 *(.vector_36)
                0x00000001                ASSERT (((_vector_spacing == 0x0) || (SIZEOF (.vector_36) <= (_vector_spacing << 0x5))), function at exception vector 36 too large)

.vector_37      0x9fc016a0        0x0
 *(.vector_37)
                0x00000001                ASSERT (((_vector_spacing == 0x0) || (SIZEOF (.vector_37) <= (_vector_spacing << 0x5))), function at exception vector 37 too large)

.vector_38      0x9fc016c0        0x0
 *(.vector_38)
                0x00000001                ASSERT (((_vector_spacing == 0x0) || (SIZEOF (.vector_38) <= (_vector_spacing << 0x5))), function at exception vector 38 too large)

.vector_39      0x9fc016e0        0x0
 *(.vector_39)
                0x00000001                ASSERT (((_vector_spacing == 0x0) || (SIZEOF (.vector_39) <= (_vector_spacing << 0x5))), function at exception vector 39 too large)

.vector_40      0x9fc01700        0x0
 *(.vector_40)
                0x00000001                ASSERT (((_vector_spacing == 0x0) || (SIZEOF (.vector_40) <= (_vector_spacing << 0x5))), function at exception vector 40 too large)

.vector_41      0x9fc01720        0x0
 *(.vector_41)
                0x00000001                ASSERT (((_vector_spacing == 0x0) || (SIZEOF (.vector_41) <= (_vector_spacing << 0x5))), function at exception vector 41 too large)

.vector_42      0x9fc01740        0x0
 *(.vector_42)
                0x00000001                ASSERT (((_vector_spacing == 0x0) || (SIZEOF (.vector_42) <= (_vector_spacing << 0x5))), function at exception vector 42 too large)

.vector_43      0x9fc01760        0x0
 *(.vector_43)
                0x00000001                ASSERT (((_vector_spacing == 0x0) || (SIZEOF (.vector_43) <= (_vector_spacing << 0x5))), function at exception vector 43 too large)

.vector_44      0x9fc01780        0x0
 *(.vector_44)
                0x00000001                ASSERT (((_vector_spacing == 0x0) || (SIZEOF (.vector_44) <= (_vector_spacing << 0x5))), function at exception vector 44 too large)

.vector_45      0x9fc017a0        0x0
 *(.vector_45)
                0x00000001                ASSERT (((_vector_spacing == 0x0) || (SIZEOF (.vector_45) <= (_vector_spacing << 0x5))), function at exception vector 45 too large)

.vector_46      0x9fc017c0        0x0
 *(.vector_46)
                0x00000001                ASSERT (((_vector_spacing == 0x0) || (SIZEOF (.vector_46) <= (_vector_spacing << 0x5))), function at exception vector 46 too large)

.vector_47      0x9fc017e0        0x0
 *(.vector_47)
                0x00000001                ASSERT (((_vector_spacing == 0x0) || (SIZEOF (.vector_47) <= (_vector_spacing << 0x5))), function at exception vector 47 too large)

.vector_48      0x9fc01800        0x0
 *(.vector_48)
                0x00000001                ASSERT (((_vector_spacing == 0x0) || (SIZEOF (.vector_48) <= (_vector_spacing << 0x5))), function at exception vector 48 too large)

.vector_49      0x9fc01820        0x0
 *(.vector_49)
                0x00000001                ASSERT (((_vector_spacing == 0x0) || (SIZEOF (.vector_49) <= (_vector_spacing << 0x5))), function at exception vector 49 too large)

.vector_50      0x9fc01840        0x0
 *(.vector_50)
                0x00000001                ASSERT (((_vector_spacing == 0x0) || (SIZEOF (.vector_50) <= (_vector_spacing << 0x5))), function at exception vector 50 too large)

.vector_51      0x9fc01860        0x0
 *(.vector_51)
                0x00000001                ASSERT (((_vector_spacing == 0x0) || (SIZEOF (.vector_51) <= (_vector_spacing << 0x5))), function at exception vector 51 too large)

.vector_52      0x9fc01880        0x0
 *(.vector_52)
                0x00000001                ASSERT (((_vector_spacing == 0x0) || (SIZEOF (.vector_52) <= (_vector_spacing << 0x5))), function at exception vector 52 too large)

.vector_53      0x9fc018a0        0x0
 *(.vector_53)
                0x00000001                ASSERT (((_vector_spacing == 0x0) || (SIZEOF (.vector_53) <= (_vector_spacing << 0x5))), function at exception vector 53 too large)

.vector_54      0x9fc018c0        0x0
 *(.vector_54)
                0x00000001                ASSERT (((_vector_spacing == 0x0) || (SIZEOF (.vector_54) <= (_vector_spacing << 0x5))), function at exception vector 54 too large)

.vector_55      0x9fc018e0        0x0
 *(.vector_55)
                0x00000001                ASSERT (((_vector_spacing == 0x0) || (SIZEOF (.vector_55) <= (_vector_spacing << 0x5))), function at exception vector 55 too large)

.vector_56      0x9fc01900        0x0
 *(.vector_56)
                0x00000001                ASSERT (((_vector_spacing == 0x0) || (SIZEOF (.vector_56) <= (_vector_spacing << 0x5))), function at exception vector 56 too large)

.vector_57      0x9fc01920        0x0
 *(.vector_57)
                0x00000001                ASSERT (((_vector_spacing == 0x0) || (SIZEOF (.vector_57) <= (_vector_spacing << 0x5))), function at exception vector 57 too large)

.vector_58      0x9fc01940        0x0
 *(.vector_58)
                0x00000001                ASSERT (((_vector_spacing == 0x0) || (SIZEOF (.vector_58) <= (_vector_spacing << 0x5))), function at exception vector 58 too large)

.vector_59      0x9fc01960        0x0
 *(.vector_59)
                0x00000001                ASSERT (((_vector_spacing == 0x0) || (SIZEOF (.vector_59) <= (_vector_spacing << 0x5))), function at exception vector 59 too large)

.vector_60      0x9fc01980        0x0
 *(.vector_60)
                0x00000001                ASSERT (((_vector_spacing == 0x0) || (SIZEOF (.vector_60) <= (_vector_spacing << 0x5))), function at exception vector 60 too large)

.vector_61      0x9fc019a0        0x0
 *(.vector_61)
                0x00000001                ASSERT (((_vector_spacing == 0x0) || (SIZEOF (.vector_61) <= (_vector_spacing << 0x5))), function at exception vector 61 too large)

.vector_62      0x9fc019c0        0x0
 *(.vector_62)
                0x00000001                ASSERT (((_vector_spacing == 0x0) || (SIZEOF (.vector_62) <= (_vector_spacing << 0x5))), function at exception vector 62 too large)

.vector_63      0x9fc019e0        0x0
 *(.vector_63)
                0x00000001                ASSERT (((_vector_spacing == 0x0) || (SIZEOF (.vector_63) <= (_vector_spacing << 0x5))), function at exception vector 63 too large)

.startup
 *(.startup)

.text
 *(.stub .gnu.linkonce.t.*)
 *(.text.*personality*)
 *(.mips16.fn.*)
 *(.mips16.call.*)
 *(.gnu.warning)

.rodata         0x9d000000        0x0
 *(.rodata.* .gnu.linkonce.r.*)
 *(.rodata1)
                0x9d000000                . = ALIGN (0x4)

.sdata2         0x9fc00490        0x0
 *(.sdata2 .sdata2.* .gnu.linkonce.s2.*)
                0x9fc00490                . = ALIGN (0x4)

.sbss2          0x9fc00490        0x0
 *(.sbss2 .sbss2.* .gnu.linkonce.sb2.*)
                0x9fc00490                . = ALIGN (0x4)

.eh_frame_hdr
 *(.eh_frame_hdr)

.eh_frame
 *(.eh_frame)

.dbg_data       0xa0000000        0x0
                0xa0000000                . = (. + DEFINED (_DEBUGGER)?0x200:0x0)

.persist        0xa0000000        0x0
                0xa0000000                _persist_begin = .
 *(.persist .persist.*)
                0xa0000000                . = ALIGN (0x4)
                0xa0000000                _persist_end = .

.eh_frame
 *(.eh_frame)
                0xa0000000                . = .
                0xa0007ff0                _gp = (ALIGN (0x10) + 0x7ff0)

.got
 *(.got.plt)
 *(.got)

.sdata          0xa0000000        0x1
                0xa0000000                _sdata_begin = .
 *(.sdata .sdata.* .gnu.linkonce.s.*)
 .sdata         0xa0000000        0x1 MtrCtrl.o
                0xa0000001                _sdata_end = .

.lit8
 *(.lit8)

.lit4
 *(.lit4)
                0xa0000004                . = ALIGN (0x4)
                0xa0000004                _data_end = .
                0xa0000004                _bss_begin = .

.sbss           0xa0000004       0x34
                0xa0000004                _sbss_begin = .
 *(.dynsbss)
 *(.sbss .sbss.* .gnu.linkonce.sb.*)
 .sbss          0xa0000004        0x4 main.o
 .sbss          0xa0000008        0x6 MtrCtrl.o
 *(.scommon)
 *fill*         0xa000000e        0x2 00
 .scommon       0xa0000010       0x28 main.o
                0xa0000010                dirMtrLeft
                0xa0000012                tusMtrRightFb
                0xa0000014                fMtrRight
                0xa0000018                tusMtrLeftFb
                0xa000001a                dtcMtrLeft
                0xa000001c                fMtrRightFb
                0xa0000020                dirMtrRight
                0xa0000024                btnBtn1
                0xa0000028                dtcMtrRight
                0xa000002c                btnBtn2
                0xa0000030                fMtrLeftFb
                0xa0000034                fMtrLeft
 .scommon       0xa0000038        0x0 MtrCtrl.o
                0xa0000038                _sbss_end = .

.bss            0xa0000038        0x0
 *(.dynbss)
 *(COMMON)
                0xa0000038                . = ALIGN (0x4)
                0xa0000038                . = ALIGN (0x4)
                0xa0000038                _end = .
                0xa0000038                _bss_end = .
                0x00008000                _bmxdudba_address = 0x8000
                0x00008000                _bmxdupba_address = 0x8000

/DISCARD/
 *(.pdr)
 *(.reginfo)
 *(.rel.dyn)
 *(.note.GNU-stack)
 *(.note.GNU-stack)
 *(.gnu_debuglink)
 *(.gnu.lto_*)
 *(.discard)

.stab
 *(.stab)

.stabstr
 *(.stabstr)

.stab.excl
 *(.stab.excl)

.stab.exclstr
 *(.stab.exclstr)

.stab.index
 *(.stab.index)

.stab.indexstr
 *(.stab.indexstr)

.comment        0x00000000       0xa2
 *(.comment)
 .comment       0x00000000       0x51 main.o
                                 0x52 (size before relaxing)
 .comment       0x00000000       0x52 MtrCtrl.o
 .comment       0x00000000       0x52 d:/program_files/microchip/mplab c32 suite/bin/../lib/gcc/pic32mx/4.5.1/../../../../pic32mx/lib\libc.a(default-general-exception-handler.o)
 .comment       0x00000000       0x52 d:/program_files/microchip/mplab c32 suite/bin/../lib/gcc/pic32mx/4.5.1/../../../../pic32mx/lib\libc.a(default-bootstrap-exception-handler.o)
 .comment       0x00000000       0x52 d:/program_files/microchip/mplab c32 suite/bin/../lib/gcc/pic32mx/4.5.1/../../../../pic32mx/lib\libc.a(default-on-reset.o)
 .comment       0x00000000       0x52 d:/program_files/microchip/mplab c32 suite/bin/../lib/gcc/pic32mx/4.5.1/../../../../pic32mx/lib\libc.a(default-on-bootstrap.o)
 .comment       0x00000051       0x51 d:/program_files/microchip/mplab c32 suite/bin/../lib/gcc/pic32mx/4.5.1/../../../../pic32mx/lib\libmchp_peripheral_32MX460F512L.a(int_enable_interrupts_lib.o)
                                 0x52 (size before relaxing)
 .comment       0x00000000       0x52 d:/program_files/microchip/mplab c32 suite/bin/../lib/gcc/pic32mx/4.5.1/../../../../pic32mx/lib\libmchp_peripheral_32MX460F512L.a(int_disable_interrupts_lib.o)
 .comment       0x00000000       0x52 d:/program_files/microchip/mplab c32 suite/bin/../lib/gcc/pic32mx/4.5.1/../../../../pic32mx/lib\libmchp_peripheral_32MX460F512L.a(int_enable_mv_int_lib.o)

.debug
 *(.debug)

.line
 *(.line)

.debug_srcinfo
 *(.debug_srcinfo)

.debug_sfnames
 *(.debug_sfnames)

.debug_aranges  0x00000000      0x120
 *(.debug_aranges)
 .debug_aranges
                0x00000000       0x20 main.o
 .debug_aranges
                0x00000020       0x20 MtrCtrl.o
 .debug_aranges
                0x00000040       0x20 d:/program_files/microchip/mplab c32 suite/bin/../lib/gcc/pic32mx/4.5.1/../../../../pic32mx/lib\libc.a(default-general-exception-handler.o)
 .debug_aranges
                0x00000060       0x20 d:/program_files/microchip/mplab c32 suite/bin/../lib/gcc/pic32mx/4.5.1/../../../../pic32mx/lib\libc.a(default-bootstrap-exception-handler.o)
 .debug_aranges
                0x00000080       0x20 d:/program_files/microchip/mplab c32 suite/bin/../lib/gcc/pic32mx/4.5.1/../../../../pic32mx/lib\libc.a(default-on-reset.o)
 .debug_aranges
                0x000000a0       0x20 d:/program_files/microchip/mplab c32 suite/bin/../lib/gcc/pic32mx/4.5.1/../../../../pic32mx/lib\libc.a(default-on-bootstrap.o)
 .debug_aranges
                0x000000c0       0x20 d:/program_files/microchip/mplab c32 suite/bin/../lib/gcc/pic32mx/4.5.1/../../../../pic32mx/lib\libmchp_peripheral_32MX460F512L.a(int_enable_interrupts_lib.o)
 .debug_aranges
                0x000000e0       0x20 d:/program_files/microchip/mplab c32 suite/bin/../lib/gcc/pic32mx/4.5.1/../../../../pic32mx/lib\libmchp_peripheral_32MX460F512L.a(int_disable_interrupts_lib.o)
 .debug_aranges
                0x00000100       0x20 d:/program_files/microchip/mplab c32 suite/bin/../lib/gcc/pic32mx/4.5.1/../../../../pic32mx/lib\libmchp_peripheral_32MX460F512L.a(int_enable_mv_int_lib.o)

.debug_pubnames
                0x00000000      0x351
 *(.debug_pubnames)
 .debug_pubnames
                0x00000000      0x107 main.o
 .debug_pubnames
                0x00000107      0x117 MtrCtrl.o
 .debug_pubnames
                0x0000021e       0x31 d:/program_files/microchip/mplab c32 suite/bin/../lib/gcc/pic32mx/4.5.1/../../../../pic32mx/lib\libc.a(default-general-exception-handler.o)
 .debug_pubnames
                0x0000024f       0x33 d:/program_files/microchip/mplab c32 suite/bin/../lib/gcc/pic32mx/4.5.1/../../../../pic32mx/lib\libc.a(default-bootstrap-exception-handler.o)
 .debug_pubnames
                0x00000282       0x20 d:/program_files/microchip/mplab c32 suite/bin/../lib/gcc/pic32mx/4.5.1/../../../../pic32mx/lib\libc.a(default-on-reset.o)
 .debug_pubnames
                0x000002a2       0x24 d:/program_files/microchip/mplab c32 suite/bin/../lib/gcc/pic32mx/4.5.1/../../../../pic32mx/lib\libc.a(default-on-bootstrap.o)
 .debug_pubnames
                0x000002c6       0x2a d:/program_files/microchip/mplab c32 suite/bin/../lib/gcc/pic32mx/4.5.1/../../../../pic32mx/lib\libmchp_peripheral_32MX460F512L.a(int_enable_interrupts_lib.o)
 .debug_pubnames
                0x000002f0       0x2b d:/program_files/microchip/mplab c32 suite/bin/../lib/gcc/pic32mx/4.5.1/../../../../pic32mx/lib\libmchp_peripheral_32MX460F512L.a(int_disable_interrupts_lib.o)
 .debug_pubnames
                0x0000031b       0x36 d:/program_files/microchip/mplab c32 suite/bin/../lib/gcc/pic32mx/4.5.1/../../../../pic32mx/lib\libmchp_peripheral_32MX460F512L.a(int_enable_mv_int_lib.o)

.debug_info     0x00000000     0x3072
 *(.debug_info .gnu.linkonce.wi.*)
 .debug_info    0x00000000     0x1542 main.o
 .debug_info    0x00001542     0x14fb MtrCtrl.o
 .debug_info    0x00002a3d      0x102 d:/program_files/microchip/mplab c32 suite/bin/../lib/gcc/pic32mx/4.5.1/../../../../pic32mx/lib\libc.a(default-general-exception-handler.o)
 .debug_info    0x00002b3f      0x106 d:/program_files/microchip/mplab c32 suite/bin/../lib/gcc/pic32mx/4.5.1/../../../../pic32mx/lib\libc.a(default-bootstrap-exception-handler.o)
 .debug_info    0x00002c45       0xe0 d:/program_files/microchip/mplab c32 suite/bin/../lib/gcc/pic32mx/4.5.1/../../../../pic32mx/lib\libc.a(default-on-reset.o)
 .debug_info    0x00002d25       0xe8 d:/program_files/microchip/mplab c32 suite/bin/../lib/gcc/pic32mx/4.5.1/../../../../pic32mx/lib\libc.a(default-on-bootstrap.o)
 .debug_info    0x00002e0d       0xc9 d:/program_files/microchip/mplab c32 suite/bin/../lib/gcc/pic32mx/4.5.1/../../../../pic32mx/lib\libmchp_peripheral_32MX460F512L.a(int_enable_interrupts_lib.o)
 .debug_info    0x00002ed6       0xcb d:/program_files/microchip/mplab c32 suite/bin/../lib/gcc/pic32mx/4.5.1/../../../../pic32mx/lib\libmchp_peripheral_32MX460F512L.a(int_disable_interrupts_lib.o)
 .debug_info    0x00002fa1       0xd1 d:/program_files/microchip/mplab c32 suite/bin/../lib/gcc/pic32mx/4.5.1/../../../../pic32mx/lib\libmchp_peripheral_32MX460F512L.a(int_enable_mv_int_lib.o)

.debug_abbrev   0x00000000      0x4eb
 *(.debug_abbrev)
 .debug_abbrev  0x00000000      0x224 main.o
 .debug_abbrev  0x00000224      0x1c4 MtrCtrl.o
 .debug_abbrev  0x000003e8       0x25 d:/program_files/microchip/mplab c32 suite/bin/../lib/gcc/pic32mx/4.5.1/../../../../pic32mx/lib\libc.a(default-general-exception-handler.o)
 .debug_abbrev  0x0000040d       0x25 d:/program_files/microchip/mplab c32 suite/bin/../lib/gcc/pic32mx/4.5.1/../../../../pic32mx/lib\libc.a(default-bootstrap-exception-handler.o)
 .debug_abbrev  0x00000432       0x25 d:/program_files/microchip/mplab c32 suite/bin/../lib/gcc/pic32mx/4.5.1/../../../../pic32mx/lib\libc.a(default-on-reset.o)
 .debug_abbrev  0x00000457       0x25 d:/program_files/microchip/mplab c32 suite/bin/../lib/gcc/pic32mx/4.5.1/../../../../pic32mx/lib\libc.a(default-on-bootstrap.o)
 .debug_abbrev  0x0000047c       0x25 d:/program_files/microchip/mplab c32 suite/bin/../lib/gcc/pic32mx/4.5.1/../../../../pic32mx/lib\libmchp_peripheral_32MX460F512L.a(int_enable_interrupts_lib.o)
 .debug_abbrev  0x000004a1       0x25 d:/program_files/microchip/mplab c32 suite/bin/../lib/gcc/pic32mx/4.5.1/../../../../pic32mx/lib\libmchp_peripheral_32MX460F512L.a(int_disable_interrupts_lib.o)
 .debug_abbrev  0x000004c6       0x25 d:/program_files/microchip/mplab c32 suite/bin/../lib/gcc/pic32mx/4.5.1/../../../../pic32mx/lib\libmchp_peripheral_32MX460F512L.a(int_enable_mv_int_lib.o)

.debug_line     0x00000000      0x95a
 *(.debug_line)
 .debug_line    0x00000000      0x29b main.o
 .debug_line    0x0000029b      0x2f8 MtrCtrl.o
 .debug_line    0x00000593       0xa4 d:/program_files/microchip/mplab c32 suite/bin/../lib/gcc/pic32mx/4.5.1/../../../../pic32mx/lib\libc.a(default-general-exception-handler.o)
 .debug_line    0x00000637       0xa6 d:/program_files/microchip/mplab c32 suite/bin/../lib/gcc/pic32mx/4.5.1/../../../../pic32mx/lib\libc.a(default-bootstrap-exception-handler.o)
 .debug_line    0x000006dd       0x93 d:/program_files/microchip/mplab c32 suite/bin/../lib/gcc/pic32mx/4.5.1/../../../../pic32mx/lib\libc.a(default-on-reset.o)
 .debug_line    0x00000770       0x97 d:/program_files/microchip/mplab c32 suite/bin/../lib/gcc/pic32mx/4.5.1/../../../../pic32mx/lib\libc.a(default-on-bootstrap.o)
 .debug_line    0x00000807       0x72 d:/program_files/microchip/mplab c32 suite/bin/../lib/gcc/pic32mx/4.5.1/../../../../pic32mx/lib\libmchp_peripheral_32MX460F512L.a(int_enable_interrupts_lib.o)
 .debug_line    0x00000879       0x73 d:/program_files/microchip/mplab c32 suite/bin/../lib/gcc/pic32mx/4.5.1/../../../../pic32mx/lib\libmchp_peripheral_32MX460F512L.a(int_disable_interrupts_lib.o)
 .debug_line    0x000008ec       0x6e d:/program_files/microchip/mplab c32 suite/bin/../lib/gcc/pic32mx/4.5.1/../../../../pic32mx/lib\libmchp_peripheral_32MX460F512L.a(int_enable_mv_int_lib.o)

.debug_frame    0x00000000      0x200
 *(.debug_frame)
 .debug_frame   0x00000000       0x94 main.o
 .debug_frame   0x00000094       0x84 MtrCtrl.o
 .debug_frame   0x00000118       0x20 d:/program_files/microchip/mplab c32 suite/bin/../lib/gcc/pic32mx/4.5.1/../../../../pic32mx/lib\libc.a(default-general-exception-handler.o)
 .debug_frame   0x00000138       0x20 d:/program_files/microchip/mplab c32 suite/bin/../lib/gcc/pic32mx/4.5.1/../../../../pic32mx/lib\libc.a(default-bootstrap-exception-handler.o)
 .debug_frame   0x00000158       0x20 d:/program_files/microchip/mplab c32 suite/bin/../lib/gcc/pic32mx/4.5.1/../../../../pic32mx/lib\libc.a(default-on-reset.o)
 .debug_frame   0x00000178       0x20 d:/program_files/microchip/mplab c32 suite/bin/../lib/gcc/pic32mx/4.5.1/../../../../pic32mx/lib\libc.a(default-on-bootstrap.o)
 .debug_frame   0x00000198       0x20 d:/program_files/microchip/mplab c32 suite/bin/../lib/gcc/pic32mx/4.5.1/../../../../pic32mx/lib\libmchp_peripheral_32MX460F512L.a(int_enable_interrupts_lib.o)
 .debug_frame   0x000001b8       0x20 d:/program_files/microchip/mplab c32 suite/bin/../lib/gcc/pic32mx/4.5.1/../../../../pic32mx/lib\libmchp_peripheral_32MX460F512L.a(int_disable_interrupts_lib.o)
 .debug_frame   0x000001d8       0x28 d:/program_files/microchip/mplab c32 suite/bin/../lib/gcc/pic32mx/4.5.1/../../../../pic32mx/lib\libmchp_peripheral_32MX460F512L.a(int_enable_mv_int_lib.o)

.debug_str      0x00000000      0x2e6
 *(.debug_str)
 .debug_str     0x00000000      0x123 main.o
 .debug_str     0x00000123      0x1c3 MtrCtrl.o
 .debug_str     0x000002e6        0x0 d:/program_files/microchip/mplab c32 suite/bin/../lib/gcc/pic32mx/4.5.1/../../../../pic32mx/lib\libc.a(default-general-exception-handler.o)
 .debug_str     0x000002e6        0x0 d:/program_files/microchip/mplab c32 suite/bin/../lib/gcc/pic32mx/4.5.1/../../../../pic32mx/lib\libc.a(default-bootstrap-exception-handler.o)
 .debug_str     0x000002e6        0x0 d:/program_files/microchip/mplab c32 suite/bin/../lib/gcc/pic32mx/4.5.1/../../../../pic32mx/lib\libc.a(default-on-reset.o)
 .debug_str     0x000002e6        0x0 d:/program_files/microchip/mplab c32 suite/bin/../lib/gcc/pic32mx/4.5.1/../../../../pic32mx/lib\libc.a(default-on-bootstrap.o)
 .debug_str     0x000002e6        0x0 d:/program_files/microchip/mplab c32 suite/bin/../lib/gcc/pic32mx/4.5.1/../../../../pic32mx/lib\libmchp_peripheral_32MX460F512L.a(int_enable_interrupts_lib.o)
 .debug_str     0x000002e6        0x0 d:/program_files/microchip/mplab c32 suite/bin/../lib/gcc/pic32mx/4.5.1/../../../../pic32mx/lib\libmchp_peripheral_32MX460F512L.a(int_disable_interrupts_lib.o)
 .debug_str     0x000002e6        0x0 d:/program_files/microchip/mplab c32 suite/bin/../lib/gcc/pic32mx/4.5.1/../../../../pic32mx/lib\libmchp_peripheral_32MX460F512L.a(int_enable_mv_int_lib.o)

.debug_loc
 *(.debug_loc)

.debug_macinfo
 *(.debug_macinfo)

.debug_weaknames
 *(.debug_weaknames)

.debug_funcnames
 *(.debug_funcnames)

.debug_typenames
 *(.debug_typenames)

.debug_varnames
 *(.debug_varnames)

.debug_pubtypes
                0x00000000      0x1da
 *(.debug_pubtypes)
 .debug_pubtypes
                0x00000000       0xf1 main.o
 .debug_pubtypes
                0x000000f1       0xe9 MtrCtrl.o

.debug_ranges   0x00000000       0x70
 *(.debug_ranges)
 .debug_ranges  0x00000000       0x10 d:/program_files/microchip/mplab c32 suite/bin/../lib/gcc/pic32mx/4.5.1/../../../../pic32mx/lib\libc.a(default-general-exception-handler.o)
 .debug_ranges  0x00000010       0x10 d:/program_files/microchip/mplab c32 suite/bin/../lib/gcc/pic32mx/4.5.1/../../../../pic32mx/lib\libc.a(default-bootstrap-exception-handler.o)
 .debug_ranges  0x00000020       0x10 d:/program_files/microchip/mplab c32 suite/bin/../lib/gcc/pic32mx/4.5.1/../../../../pic32mx/lib\libc.a(default-on-reset.o)
 .debug_ranges  0x00000030       0x10 d:/program_files/microchip/mplab c32 suite/bin/../lib/gcc/pic32mx/4.5.1/../../../../pic32mx/lib\libc.a(default-on-bootstrap.o)
 .debug_ranges  0x00000040       0x10 d:/program_files/microchip/mplab c32 suite/bin/../lib/gcc/pic32mx/4.5.1/../../../../pic32mx/lib\libmchp_peripheral_32MX460F512L.a(int_enable_interrupts_lib.o)
 .debug_ranges  0x00000050       0x10 d:/program_files/microchip/mplab c32 suite/bin/../lib/gcc/pic32mx/4.5.1/../../../../pic32mx/lib\libmchp_peripheral_32MX460F512L.a(int_disable_interrupts_lib.o)
 .debug_ranges  0x00000060       0x10 d:/program_files/microchip/mplab c32 suite/bin/../lib/gcc/pic32mx/4.5.1/../../../../pic32mx/lib\libmchp_peripheral_32MX460F512L.a(int_enable_mv_int_lib.o)

.gnu.attributes
                0x00000000       0x10
 *(.gnu.attributes)
 .gnu.attributes
                0x00000000       0x10 main.o
 .gnu.attributes
                0x00000010       0x10 MtrCtrl.o
 .gnu.attributes
                0x00000020       0x10 d:/program_files/microchip/mplab c32 suite/bin/../lib/gcc/pic32mx/4.5.1/../../../../pic32mx/lib\libc.a(default-general-exception-handler.o)
 .gnu.attributes
                0x00000030       0x10 d:/program_files/microchip/mplab c32 suite/bin/../lib/gcc/pic32mx/4.5.1/../../../../pic32mx/lib\libc.a(default-bootstrap-exception-handler.o)
 .gnu.attributes
                0x00000040       0x10 d:/program_files/microchip/mplab c32 suite/bin/../lib/gcc/pic32mx/4.5.1/../../../../pic32mx/lib\libc.a(default-on-reset.o)
 .gnu.attributes
                0x00000050       0x10 d:/program_files/microchip/mplab c32 suite/bin/../lib/gcc/pic32mx/4.5.1/../../../../pic32mx/lib\libc.a(default-on-bootstrap.o)
 .gnu.attributes
                0x00000060       0x10 d:/program_files/microchip/mplab c32 suite/bin/../lib/gcc/pic32mx/4.5.1/../../../../pic32mx/lib\libmchp_peripheral_32MX460F512L.a(int_enable_interrupts_lib.o)
 .gnu.attributes
                0x00000070       0x10 d:/program_files/microchip/mplab c32 suite/bin/../lib/gcc/pic32mx/4.5.1/../../../../pic32mx/lib\libmchp_peripheral_32MX460F512L.a(int_disable_interrupts_lib.o)
 .gnu.attributes
                0x00000080       0x10 d:/program_files/microchip/mplab c32 suite/bin/../lib/gcc/pic32mx/4.5.1/../../../../pic32mx/lib\libmchp_peripheral_32MX460F512L.a(int_enable_mv_int_lib.o)
OUTPUT(StartupDesign.elf elf32-tradlittlemips)
LOAD stack
LOAD data_init

.stack          0xa0000058      0x400
 .stack         0xa0000058      0x400 stack

.bss%z1         0x00000000        0x0
 .bss           0x00000000        0x0 d:/program_files/microchip/mplab c32 suite/bin/../lib/gcc/pic32mx/4.5.1/../../../../pic32mx/lib/./proc/32MX460F512L\processor.o

.data%z2        0x00000000        0x0
 .data          0x00000000        0x0 d:/program_files/microchip/mplab c32 suite/bin/../lib/gcc/pic32mx/4.5.1/../../../../pic32mx/lib/./proc/32MX460F512L\processor.o

.mdebug.abi32%z3
                0x00000000        0x0
 .mdebug.abi32  0x00000000        0x0 d:/program_files/microchip/mplab c32 suite/bin/../lib/gcc/pic32mx/4.5.1/../../../../pic32mx/lib\libmchp_peripheral_32MX460F512L.a(int_enable_mv_int_lib.o)

.bss%z4         0x00000000        0x0
 .bss           0x00000000        0x0 d:/program_files/microchip/mplab c32 suite/bin/../lib/gcc/pic32mx/4.5.1/../../../../pic32mx/lib\libmchp_peripheral_32MX460F512L.a(int_enable_mv_int_lib.o)

.data%z5        0x00000000        0x0
 .data          0x00000000        0x0 d:/program_files/microchip/mplab c32 suite/bin/../lib/gcc/pic32mx/4.5.1/../../../../pic32mx/lib\libmchp_peripheral_32MX460F512L.a(int_enable_mv_int_lib.o)

.mdebug.abi32%z6
                0x00000000        0x0
 .mdebug.abi32  0x00000000        0x0 d:/program_files/microchip/mplab c32 suite/bin/../lib/gcc/pic32mx/4.5.1/../../../../pic32mx/lib\libmchp_peripheral_32MX460F512L.a(int_disable_interrupts_lib.o)

.bss%z7         0x00000000        0x0
 .bss           0x00000000        0x0 d:/program_files/microchip/mplab c32 suite/bin/../lib/gcc/pic32mx/4.5.1/../../../../pic32mx/lib\libmchp_peripheral_32MX460F512L.a(int_disable_interrupts_lib.o)

.data%z8        0x00000000        0x0
 .data          0x00000000        0x0 d:/program_files/microchip/mplab c32 suite/bin/../lib/gcc/pic32mx/4.5.1/../../../../pic32mx/lib\libmchp_peripheral_32MX460F512L.a(int_disable_interrupts_lib.o)

.mdebug.abi32%z9
                0x00000000        0x0
 .mdebug.abi32  0x00000000        0x0 d:/program_files/microchip/mplab c32 suite/bin/../lib/gcc/pic32mx/4.5.1/../../../../pic32mx/lib\libmchp_peripheral_32MX460F512L.a(int_enable_interrupts_lib.o)

.bss%z10        0x00000000        0x0
 .bss           0x00000000        0x0 d:/program_files/microchip/mplab c32 suite/bin/../lib/gcc/pic32mx/4.5.1/../../../../pic32mx/lib\libmchp_peripheral_32MX460F512L.a(int_enable_interrupts_lib.o)

.data%z11       0x00000000        0x0
 .data          0x00000000        0x0 d:/program_files/microchip/mplab c32 suite/bin/../lib/gcc/pic32mx/4.5.1/../../../../pic32mx/lib\libmchp_peripheral_32MX460F512L.a(int_enable_interrupts_lib.o)

.bss%z12        0x00000000        0x0
 .bss           0x00000000        0x0 d:/program_files/microchip/mplab c32 suite/bin/../lib/gcc/pic32mx/4.5.1/../../../../pic32mx/lib\libc.a(default-nmi-handler.o)

.data%z13       0x00000000        0x0
 .data          0x00000000        0x0 d:/program_files/microchip/mplab c32 suite/bin/../lib/gcc/pic32mx/4.5.1/../../../../pic32mx/lib\libc.a(default-nmi-handler.o)

.mdebug.abi32%z14
                0x00000000        0x0
 .mdebug.abi32  0x00000000        0x0 d:/program_files/microchip/mplab c32 suite/bin/../lib/gcc/pic32mx/4.5.1/../../../../pic32mx/lib\libc.a(default-on-bootstrap.o)

.bss%z15        0x00000000        0x0
 .bss           0x00000000        0x0 d:/program_files/microchip/mplab c32 suite/bin/../lib/gcc/pic32mx/4.5.1/../../../../pic32mx/lib\libc.a(default-on-bootstrap.o)

.data%z16       0x00000000        0x0
 .data          0x00000000        0x0 d:/program_files/microchip/mplab c32 suite/bin/../lib/gcc/pic32mx/4.5.1/../../../../pic32mx/lib\libc.a(default-on-bootstrap.o)

.mdebug.abi32%z17
                0x00000000        0x0
 .mdebug.abi32  0x00000000        0x0 d:/program_files/microchip/mplab c32 suite/bin/../lib/gcc/pic32mx/4.5.1/../../../../pic32mx/lib\libc.a(default-on-reset.o)

.bss%z18        0x00000000        0x0
 .bss           0x00000000        0x0 d:/program_files/microchip/mplab c32 suite/bin/../lib/gcc/pic32mx/4.5.1/../../../../pic32mx/lib\libc.a(default-on-reset.o)

.data%z19       0x00000000        0x0
 .data          0x00000000        0x0 d:/program_files/microchip/mplab c32 suite/bin/../lib/gcc/pic32mx/4.5.1/../../../../pic32mx/lib\libc.a(default-on-reset.o)

.mdebug.abi32%z20
                0x00000000        0x0
 .mdebug.abi32  0x00000000        0x0 d:/program_files/microchip/mplab c32 suite/bin/../lib/gcc/pic32mx/4.5.1/../../../../pic32mx/lib\libc.a(default-bootstrap-exception-handler.o)

.bss%z21        0x00000000        0x0
 .bss           0x00000000        0x0 d:/program_files/microchip/mplab c32 suite/bin/../lib/gcc/pic32mx/4.5.1/../../../../pic32mx/lib\libc.a(default-bootstrap-exception-handler.o)

.data%z22       0x00000000        0x0
 .data          0x00000000        0x0 d:/program_files/microchip/mplab c32 suite/bin/../lib/gcc/pic32mx/4.5.1/../../../../pic32mx/lib\libc.a(default-bootstrap-exception-handler.o)

.mdebug.abi32%z23
                0x00000000        0x0
 .mdebug.abi32  0x00000000        0x0 d:/program_files/microchip/mplab c32 suite/bin/../lib/gcc/pic32mx/4.5.1/../../../../pic32mx/lib\libc.a(default-general-exception-handler.o)

.bss%z24        0x00000000        0x0
 .bss           0x00000000        0x0 d:/program_files/microchip/mplab c32 suite/bin/../lib/gcc/pic32mx/4.5.1/../../../../pic32mx/lib\libc.a(default-general-exception-handler.o)

.data%z25       0x00000000        0x0
 .data          0x00000000        0x0 d:/program_files/microchip/mplab c32 suite/bin/../lib/gcc/pic32mx/4.5.1/../../../../pic32mx/lib\libc.a(default-general-exception-handler.o)

.bss%z26        0x00000000        0x0
 .bss           0x00000000        0x0 d:/program_files/microchip/mplab c32 suite/bin/../lib/gcc/pic32mx/4.5.1/../../../../pic32mx/lib\libc.a(general-exception.o)

.data%z27       0x00000000        0x0
 .data          0x00000000        0x0 d:/program_files/microchip/mplab c32 suite/bin/../lib/gcc/pic32mx/4.5.1/../../../../pic32mx/lib\libc.a(general-exception.o)

.mdebug.abi32%z28
                0x00000000        0x0
 .mdebug.abi32  0x00000000        0x0 MtrCtrl.o

.bss%z29        0x00000000        0x0
 .bss           0x00000000        0x0 MtrCtrl.o

.data%z30       0x00000000        0x0
 .data          0x00000000        0x0 MtrCtrl.o

.mdebug.abi32%z31
                0x00000000        0x0
 .mdebug.abi32  0x00000000        0x0 main.o

.bss%z32        0x00000000        0x0
 .bss           0x00000000        0x0 main.o

.data%z33       0x00000000        0x0
 .data          0x00000000        0x0 main.o

.bss%z34        0x00000000        0x0
 .bss           0x00000000        0x0 d:/program_files/microchip/mplab c32 suite/bin/../lib/gcc/pic32mx/4.5.1/../../../../pic32mx/lib/crt0.o

.data%z35       0x00000000        0x0
 .data          0x00000000        0x0 d:/program_files/microchip/mplab c32 suite/bin/../lib/gcc/pic32mx/4.5.1/../../../../pic32mx/lib/crt0.o

.text           0x9d000008      0xdf4
 .text          0x9d000008      0x99c MtrCtrl.o
                0x9d000008                _Timer1Handler
                0x9d000158                _Timer4Handler
                0x9d000348                _Timer5Handler
                0x9d000538                UpdateMotorControl
 .text          0x9d0009a4      0x458 main.o
                0x9d0009a4                Timer5Handler
                0x9d000aec                main
                0x9d000bdc                DeviceInit
                0x9d000d70                AppInit
                0x9d000d90                Wait_ms

.text.general_exception
                0x9d000dfc       0xd0
 .text.general_exception
                0x9d000dfc       0xd0 d:/program_files/microchip/mplab c32 suite/bin/../lib/gcc/pic32mx/4.5.1/../../../../pic32mx/lib\libc.a(general-exception.o)
                0x9d000dfc                _general_exception_context

.text.INTEnableSystemMultiVectoredInt
                0x9d000ecc       0x34
 .text.INTEnableSystemMultiVectoredInt
                0x9d000ecc       0x34 d:/program_files/microchip/mplab c32 suite/bin/../lib/gcc/pic32mx/4.5.1/../../../../pic32mx/lib\libmchp_peripheral_32MX460F512L.a(int_enable_mv_int_lib.o)
                0x9d000ecc                INTEnableSystemMultiVectoredInt

.dinit          0x9d000f00       0x2c
 .dinit         0x9d000f00       0x2c data_init

.rodata         0x9d000f2c       0x20
 .rodata        0x9d000f2c       0x20 MtrCtrl.o
                0x9d000f2c                rgtusMtr
                0x9d000f3c                rgdtcMtr

.text           0x9d000f4c       0x28
 .text          0x9d000f4c       0x18 d:/program_files/microchip/mplab c32 suite/bin/../lib/gcc/pic32mx/4.5.1/../../../../pic32mx/lib\libc.a(default-nmi-handler.o)
                0x9d000f4c                _nmi_handler
 .text          0x9d000f64       0x10 d:/program_files/microchip/mplab c32 suite/bin/../lib/gcc/pic32mx/4.5.1/../../../../pic32mx/lib/crt0.o
                0x9d000f6c                __crt0_exit

.text._general_exception_handler
                0x9d000f74        0xc
 .text._general_exception_handler
                0x9d000f74        0xc d:/program_files/microchip/mplab c32 suite/bin/../lib/gcc/pic32mx/4.5.1/../../../../pic32mx/lib\libc.a(default-general-exception-handler.o)
                0x9d000f74                _general_exception_handler

.text._bootstrap_exception_handler
                0x9d000f80        0xc
 .text._bootstrap_exception_handler
                0x9d000f80        0xc d:/program_files/microchip/mplab c32 suite/bin/../lib/gcc/pic32mx/4.5.1/../../../../pic32mx/lib\libc.a(default-bootstrap-exception-handler.o)
                0x9d000f80                _bootstrap_exception_handler

.text._on_reset
                0x9d000f8c        0x8
 .text._on_reset
                0x9d000f8c        0x8 d:/program_files/microchip/mplab c32 suite/bin/../lib/gcc/pic32mx/4.5.1/../../../../pic32mx/lib\libc.a(default-on-reset.o)
                0x9d000f8c                _on_reset

.text._on_bootstrap
                0x9d000f94        0x8
 .text._on_bootstrap
                0x9d000f94        0x8 d:/program_files/microchip/mplab c32 suite/bin/../lib/gcc/pic32mx/4.5.1/../../../../pic32mx/lib\libc.a(default-on-bootstrap.o)
                0x9d000f94                _on_bootstrap

.text.INTEnableInterrupts
                0x9d000f9c        0x8
 .text.INTEnableInterrupts
                0x9d000f9c        0x8 d:/program_files/microchip/mplab c32 suite/bin/../lib/gcc/pic32mx/4.5.1/../../../../pic32mx/lib\libmchp_peripheral_32MX460F512L.a(int_enable_interrupts_lib.o)
                0x9d000f9c                INTEnableInterrupts

.text.INTDisableInterrupts
                0x9d000fa4        0x8
 .text.INTDisableInterrupts
                0x9d000fa4        0x8 d:/program_files/microchip/mplab c32 suite/bin/../lib/gcc/pic32mx/4.5.1/../../../../pic32mx/lib\libmchp_peripheral_32MX460F512L.a(int_disable_interrupts_lib.o)
                0x9d000fa4                INTDisableInterrupts

.text%z36       0x00000000        0x0
 .text          0x00000000        0x0 d:/program_files/microchip/mplab c32 suite/bin/../lib/gcc/pic32mx/4.5.1/../../../../pic32mx/lib/./proc/32MX460F512L\processor.o

.text%z37       0x00000000        0x0
 .text          0x00000000        0x0 d:/program_files/microchip/mplab c32 suite/bin/../lib/gcc/pic32mx/4.5.1/../../../../pic32mx/lib\libmchp_peripheral_32MX460F512L.a(int_enable_mv_int_lib.o)

.text%z38       0x00000000        0x0
 .text          0x00000000        0x0 d:/program_files/microchip/mplab c32 suite/bin/../lib/gcc/pic32mx/4.5.1/../../../../pic32mx/lib\libmchp_peripheral_32MX460F512L.a(int_disable_interrupts_lib.o)

.text%z39       0x00000000        0x0
 .text          0x00000000        0x0 d:/program_files/microchip/mplab c32 suite/bin/../lib/gcc/pic32mx/4.5.1/../../../../pic32mx/lib\libmchp_peripheral_32MX460F512L.a(int_enable_interrupts_lib.o)

.text%z40       0x00000000        0x0
 .text          0x00000000        0x0 d:/program_files/microchip/mplab c32 suite/bin/../lib/gcc/pic32mx/4.5.1/../../../../pic32mx/lib\libc.a(default-on-bootstrap.o)

.text%z41       0x00000000        0x0
 .text          0x00000000        0x0 d:/program_files/microchip/mplab c32 suite/bin/../lib/gcc/pic32mx/4.5.1/../../../../pic32mx/lib\libc.a(default-on-reset.o)

.text%z42       0x00000000        0x0
 .text          0x00000000        0x0 d:/program_files/microchip/mplab c32 suite/bin/../lib/gcc/pic32mx/4.5.1/../../../../pic32mx/lib\libc.a(default-bootstrap-exception-handler.o)

.text%z43       0x00000000        0x0
 .text          0x00000000        0x0 d:/program_files/microchip/mplab c32 suite/bin/../lib/gcc/pic32mx/4.5.1/../../../../pic32mx/lib\libc.a(default-general-exception-handler.o)

.text%z44       0x00000000        0x0
 .text          0x00000000        0x0 d:/program_files/microchip/mplab c32 suite/bin/../lib/gcc/pic32mx/4.5.1/../../../../pic32mx/lib\libc.a(general-exception.o)
